ASxxxx Linker V03.00 + NoICE + sdld,  page 1.
Hexadecimal  [32-Bits]

Area                                    Addr        Size        Decimal Bytes (Attributes)
--------------------------------        ----        ----        ------- ----- ------------
.  .ABS.                            00000000    00000000 =           0. bytes (ABS,CON)

      Value  Global                              Global Defined In Module
      -----  --------------------------------   ------------------------
     00000000  .__.ABS.                           
     00000000  _rRAMG                             
     00000000  l__BASE                         
     00000000  l__BSS                          
     00000000  l__CABS                         
     00000000  l__CODE_0                       
     00000000  l__CRASH_HEADER                 
     00000000  l__CRASH_SCRATCH                
     00000000  l__DABS                         
     00000000  l__EHL_TRAMPOLINE               
     00000000  l__HEADER                       
     00000000  l__HEADER_LCD                   
     00000000  l__HEADER_SIO                   
     00000000  l__HEADER_TIMER                 
     00000000  l__HEAP                         
     00000000  l__HRAM                         
     00000000  l__LIT                          
     00000000  s__CABS                         
     00000000  s__CRASH_HEADER                 
     00000000  s__CRASH_HEADER0                
     00000000  s__CRASH_HEADER1                
     00000000  s__CRASH_SCRATCH                
     00000000  s__CRASH_SCRATCH2               
     00000000  s__DABS                         
     00000000  s__EHL_TRAMPOLINE               
     00000000  s__EHL_TRAMPOLINE0              
     00000000  s__HEADER                       
     00000000  s__HEADER0                      
     00000000  s__HEADER1                      
     00000000  s__HEADER10                     
     00000000  s__HEADER11                     
     00000000  s__HEADER2                      
     00000000  s__HEADER3                      
     00000000  s__HEADER4                      
     00000000  s__HEADER5                      
     00000000  s__HEADER6                      
     00000000  s__HEADER7                      
     00000000  s__HEADER8                      
     00000000  s__HEADER9                      
     00000000  s__HEADER_LCD                   
     00000000  s__HEADER_LCD0                  
     00000000  s__HEADER_SIO                   
     00000000  s__HEADER_SIO0                  
     00000000  s__HEADER_TIMER                 
     00000000  s__HEADER_TIMER0                
     00000000  s__HEADERa                      
     00000000  s__HEADERb                      
     00000000  s__HEADERc                      
     00000000  s__HEADERd                      
     00000000  s__HEADERe                      
ASxxxx Linker V03.00 + NoICE + sdld,  page 2.
Hexadecimal  [32-Bits]

Area                                    Addr        Size        Decimal Bytes (Attributes)
--------------------------------        ----        ----        ------- ----- ------------
.  .ABS.                            00000000    00000000 =           0. bytes (ABS,CON)

      Value  Global                              Global Defined In Module
      -----  --------------------------------   ------------------------
     00000000  s__HEADERf                      
     00000000  s__HRAM                         
     00000000  s__HRAM12                       
     00000001  ___bank_VM_MUSIC                   vm_music
     00000001  ___bank_VM_SGB                     vm_sgb
     00000001  ___bank_bg_luna_royal_courtyard2   bg_luna_royal_courtyard2_til
     00000001  ___bank_bg_luna_royal_courtyard_   bg_luna_royal_courtyard_tile
     00000001  ___bank_scene_17_init              scene_17_init
     00000001  b_ui_draw_frame                    ui
     00000001  b_ui_draw_text_buffer_char         ui
     00000001  b_ui_init                          ui
     00000001  b_ui_load_tiles                    ui
     00000001  b_ui_run_menu                      ui
     00000001  b_ui_run_modal                     ui
     00000001  b_ui_set_start_tile                ui
     00000001  b_vm_music_mute                    vm_music
     00000001  b_vm_music_play                    vm_music
     00000001  b_vm_music_routine                 vm_music
     00000001  b_vm_music_setpos                  vm_music
     00000001  b_vm_music_stop                    vm_music
     00000001  b_vm_sfx_play                      vm_music
     00000001  b_vm_sound_mastervol               vm_music
     00000001  l__GSFINAL                      
     00000001  l__HEADER0                      
     00000001  l__HEADER11                     
     00000001  l__HEADER9                      
     00000001  l__HEADERa                      
     00000001  l__HEADERb                      
     00000001  l__HEADERd                      
     00000001  l__HEADERe                      
     00000002  ___bank_VM_LOAD_SAVE               vm_load_save
     00000002  ___bank_bg_luna_royal_courtyard2   bg_luna_royal_courtyard2_til
     00000002  ___bank_scene_23_sprites           scene_23_sprites
     00000002  ___bank_scene_25_collisions        scene_25_collisions
     00000002  ___bank_song_adventure_music_Dat   song_adventure_music_Data
     00000002  b_vm_save_clear                    vm_load_save
     00000002  b_vm_save_peek                     vm_load_save
     00000002  l__HEADER5                      
     00000002  l__HEADERc                      
     00000002  l__HEADERf                      
     00000003  ___bank_VM_MAIN                    vm
     00000003  ___bank_bg_evasion_test01_tilema   bg_evasion_test01_tilemap_at
     00000003  ___bank_sound_crystal_shatter_wa   sound_crystal_shatter_wav
     00000003  b_events_init                      events
     00000003  b_script_detach_hthread            vm
     00000003  b_script_execute                   vm
     00000003  b_script_runner_init               vm
     00000003  b_script_terminate                 vm
     00000003  b_timers_init                      events
     00000003  b_vm_call                          vm
     00000003  b_vm_call_far                      vm
ASxxxx Linker V03.00 + NoICE + sdld,  page 3.
Hexadecimal  [32-Bits]

Area                                    Addr        Size        Decimal Bytes (Attributes)
--------------------------------        ----        ----        ------- ----- ------------
.  .ABS.                            00000000    00000000 =           0. bytes (ABS,CON)

      Value  Global                              Global Defined In Module
      -----  --------------------------------   ------------------------
     00000003  b_vm_get_indirect                  vm
     00000003  b_vm_get_int16                     vm
     00000003  b_vm_get_int8                      vm
     00000003  b_vm_get_tlocal                    vm
     00000003  b_vm_get_uint8                     vm
     00000003  b_vm_idle                          vm
     00000003  b_vm_if                            vm
     00000003  b_vm_if_const                      vm
     00000003  b_vm_init_rng                      vm
     00000003  b_vm_invoke                        vm
     00000003  b_vm_join                          vm
     00000003  b_vm_jump                          vm
     00000003  b_vm_lock                          vm
     00000003  b_vm_loop                          vm
     00000003  b_vm_memcpy                        vm
     00000003  b_vm_memset                        vm
     00000003  b_vm_poll_loaded                   vm
     00000003  b_vm_pop                           vm
     00000003  b_vm_push                          vm
     00000003  b_vm_push_reference                vm
     00000003  b_vm_push_value                    vm
     00000003  b_vm_push_value_ind                vm
     00000003  b_vm_raise                         vm
     00000003  b_vm_rand                          vm
     00000003  b_vm_reserve                       vm
     00000003  b_vm_ret                           vm
     00000003  b_vm_ret_far                       vm
     00000003  b_vm_set                           vm
     00000003  b_vm_set_const                     vm
     00000003  b_vm_set_const_int16               vm
     00000003  b_vm_set_const_int8                vm
     00000003  b_vm_set_indirect                  vm
     00000003  b_vm_set_int16                     vm
     00000003  b_vm_set_int8                      vm
     00000003  b_vm_set_uint8                     vm
     00000003  b_vm_terminate                     vm
     00000003  b_vm_test_terminate                vm
     00000003  b_vm_unlock                        vm
     00000003  b_wait_frames                      vm
     00000003  l__HEADER8                      
     00000003  l__HEADER_LCD0                  
     00000003  l__HRAM12                       
     00000004  ___bank_bg_evasion_test01_tilema   bg_evasion_test01_tilemap
     00000004  ___bank_bg_leaving_earth_tileset   bg_leaving_earth_tileset
     00000004  ___bank_bg_luna_royal_courtyard_   bg_luna_royal_courtyard_tile
     00000004  ___bank_scene_10_sprites           scene_10_sprites
     00000004  ___bank_scene_12_collisions        scene_12_collisions
     00000004  ___mute_mask_sound_crystal_shatt   sound_crystal_shatter_wav
     00000004  ___mute_mask_sound_impact_sound4   sound_impact_sound4_wav
     00000004  l__CRASH_HEADER1                
     00000004  l__HEADER_SIO0                  
ASxxxx Linker V03.00 + NoICE + sdld,  page 4.
Hexadecimal  [32-Bits]

Area                                    Addr        Size        Decimal Bytes (Attributes)
--------------------------------        ----        ----        ------- ----- ------------
.  .ABS.                            00000000    00000000 =           0. bytes (ABS,CON)

      Value  Global                              Global Defined In Module
      -----  --------------------------------   ------------------------
     00000004  l__HEADER_TIMER0                
     00000005  ___bank_ACTOR                      actor
     00000005  ___bank_VM_ACTOR                   vm_actor
     00000005  ___bank_bg_ship_simulator0_tiles   bg_ship_simulator0_tileset
     00000005  ___bank_scene_25_triggers          scene_25_triggers
     00000005  ___bank_song_lunabound_Data        song_lunabound_Data
     00000005  b_activate_actor                   actor
     00000005  b_activate_actors_in_col           actor
     00000005  b_activate_actors_in_row           actor
     00000005  b_actor_at_tile                    actor
     00000005  b_actor_get_frame_offset           actor
     00000005  b_actor_in_front_of_player         actor
     00000005  b_actor_overlapping_bb             actor
     00000005  b_actor_overlapping_player         actor
     00000005  b_actor_set_anim_idle              actor
     00000005  b_actor_set_anim_moving            actor
     00000005  b_actor_set_dir                    actor
     00000005  b_actor_set_frame_offset           actor
     00000005  b_actor_set_frames                 actor
     00000005  b_actors_handle_player_collision   actor
     00000005  b_actors_init                      actor
     00000005  b_check_collision_in_direction     actor
     00000005  b_deactivate_actor                 actor
     00000005  b_player_init                      actor
     00000005  b_vm_actor_activate                vm_actor
     00000005  b_vm_actor_deactivate              vm_actor
     00000005  b_vm_actor_emote                   vm_actor
     00000005  b_vm_actor_get_angle               vm_actor
     00000005  b_vm_actor_get_anim_frame          vm_actor
     00000005  b_vm_actor_get_dir                 vm_actor
     00000005  b_vm_actor_get_pos                 vm_actor
     00000005  b_vm_actor_move_cancel             vm_actor
     00000005  b_vm_actor_move_to                 vm_actor
     00000005  b_vm_actor_replace_tile            vm_actor
     00000005  b_vm_actor_set_anim                vm_actor
     00000005  b_vm_actor_set_anim_frame          vm_actor
     00000005  b_vm_actor_set_anim_set            vm_actor
     00000005  b_vm_actor_set_anim_tick           vm_actor
     00000005  b_vm_actor_set_bounds              vm_actor
     00000005  b_vm_actor_set_dir                 vm_actor
     00000005  b_vm_actor_set_flags               vm_actor
     00000005  b_vm_actor_set_move_speed          vm_actor
     00000005  b_vm_actor_set_pos                 vm_actor
     00000005  b_vm_actor_set_spritesheet         vm_actor
     00000005  b_vm_actor_set_spritesheet_by_re   vm_actor
     00000005  b_vm_actor_terminate_update        vm_actor
     00000005  l__CRASH_HEADER0                
     00000005  l__HEADER1                      
     00000006  ___bank_bg_leaving_earth_tilemap   bg_leaving_earth_tilemap
     00000006  ___bank_bg_leaving_earth_tilemap   bg_leaving_earth_tilemap_att
     00000006  ___bank_bg_leaving_luna_copy_0_t   bg_leaving_luna_copy_0_tilem
ASxxxx Linker V03.00 + NoICE + sdld,  page 5.
Hexadecimal  [32-Bits]

Area                                    Addr        Size        Decimal Bytes (Attributes)
--------------------------------        ----        ----        ------- ----- ------------
.  .ABS.                            00000000    00000000 =           0. bytes (ABS,CON)

      Value  Global                              Global Defined In Module
      -----  --------------------------------   ------------------------
     00000006  ___bank_song_light_of_life_Data    song_light_of_life_Data
     00000006  b_input_init                       input
     00000006  l__HEADER7                      
     00000007  ___bank_actor_139_update           actor_139_update
     00000007  ___bank_bg_a_unknown_menu_tilese   bg_a_unknown_menu_tileset
     00000007  ___bank_bg_leaving_luna_copy_til   bg_leaving_luna_copy_tilemap
     00000007  ___bank_bg_leaving_luna_copy_til   bg_leaving_luna_copy_tilemap
     00000007  ___bank_scene_21_collisions        scene_21_collisions
     00000007  l__HEADER2                      
     00000008  ___bank_bg_load_game_background_   bg_load_game_background_tile
     00000008  ___bank_scene_22_collisions        scene_22_collisions
     00000008  ___bank_scene_24_collisions        scene_24_collisions
     00000008  ___bank_sprite_ship_animated_til   sprite_ship_animated_tileset
     00000008  ___bank_trigger_18_interact        trigger_18_interact
     00000008  ___mute_mask_sound_legacy_0        sound_legacy_0
     00000008  b_platform_init                    platform
     00000008  b_platform_update                  platform
     00000008  l__HEADER3                      
     00000009  ___bank_bg_lights_library_access   bg_lights_library_access1_ti
     00000009  ___bank_bg_lights_library_tilema   bg_lights_library_tilemap
     00000009  ___bank_bg_lights_library_tilema   bg_lights_library_tilemap_at
     00000009  ___bank_font_gbs_mono              font_gbs_mono
     00000009  ___bank_scene_7_collisions         scene_7_collisions
     00000009  ___bank_scene_7_triggers           scene_7_triggers
     00000009  b_do_load_palette                  data_manager
     00000009  b_load_background                  data_manager
     00000009  b_load_bkg_tileset                 data_manager
     00000009  b_load_bounds                      data_manager
     00000009  b_load_emote                       data_manager
     00000009  b_load_init                        data_manager
     00000009  b_load_player                      data_manager
     00000009  b_load_scene                       data_manager
     00000009  b_load_sprite                      data_manager
     0000000A  ___bank_VM_UI                      vm_ui
     0000000A  ___bank_bg_lights_library_access   bg_lights_library_access0_ti
     0000000A  ___bank_bg_lights_library_access   bg_lights_library_access0_ti
     0000000A  ___bank_bg_lights_library_access   bg_lights_library_access1_ti
     0000000A  ___bank_bg_lights_library_access   bg_lights_library_access1_ti
     0000000A  ___bank_scene_11_sprites           scene_11_sprites
     0000000A  ___bank_scene_6_collisions         scene_6_collisions
     0000000A  ___bank_scene_8_collisions         scene_8_collisions
     0000000A  b_vm_choice                        vm_ui
     0000000A  b_vm_display_text                  vm_ui
     0000000A  b_vm_overlay_clear                 vm_ui
     0000000A  b_vm_overlay_move_to               vm_ui
     0000000A  b_vm_overlay_scroll                vm_ui
     0000000A  b_vm_overlay_set_map               vm_ui
     0000000A  b_vm_overlay_set_scroll            vm_ui
     0000000A  b_vm_overlay_set_submap            vm_ui
     0000000A  b_vm_overlay_set_submap_ex         vm_ui
     0000000A  b_vm_overlay_setpos                vm_ui
ASxxxx Linker V03.00 + NoICE + sdld,  page 6.
Hexadecimal  [32-Bits]

Area                                    Addr        Size        Decimal Bytes (Attributes)
--------------------------------        ----        ----        ------- ----- ------------
.  .ABS.                            00000000    00000000 =           0. bytes (ABS,CON)

      Value  Global                              Global Defined In Module
      -----  --------------------------------   ------------------------
     0000000A  b_vm_overlay_show                  vm_ui
     0000000A  b_vm_overlay_wait                  vm_ui
     0000000A  b_vm_set_font                      vm_ui
     0000000A  b_vm_set_text_sound                vm_ui
     0000000A  b_vm_switch_text_layer             vm_ui
     0000000B  ___bank_bg_gameover_tileset        bg_gameover_tileset
     0000000B  ___bank_scene_0_actors             scene_0_actors
     0000000B  ___bank_scene_9_collisions         scene_9_collisions
     0000000B  ___bank_song_featherfire_Data      song_featherfire_Data
     0000000B  ___bank_song_featherfire_mod_Dat   song_featherfire_mod_Data
     0000000B  b_SIO_init                         sio
     0000000B  b_adventure_init                   adventure
     0000000B  b_adventure_update                 adventure
     0000000B  b_scroll_init                      scroll
     0000000B  b_scroll_repaint                   scroll
     0000000B  b_scroll_reset                     scroll
     0000000B  b_scroll_update                    scroll
     0000000B  b_shmup_init                       shmup
     0000000B  b_shmup_update                     shmup
     0000000B  b_topdown_init                     topdown
     0000000B  b_topdown_update                   topdown
     0000000C  ___bank_VM_GAMEBOY                 vm_gameboy
     0000000C  ___bank_bg_lights_adventure_logo   bg_lights_adventure_logo_til
     0000000C  ___bank_bg_lights_garden_tileset   bg_lights_garden_tileset
     0000000C  ___bank_bg_lights_home_tilemap     bg_lights_home_tilemap
     0000000C  ___bank_bg_lights_home_tilemap_a   bg_lights_home_tilemap_attr
     0000000C  ___bank_bg_luna_royal_courtyard2   bg_luna_royal_courtyard2_til
     0000000C  ___bank_bg_luna_royal_courtyard_   bg_luna_royal_courtyard_tile
     0000000C  ___bank_bg_ship_simulator0_tilem   bg_ship_simulator0_tilemap_a
     0000000C  ___bank_scene_18_sprites           scene_18_sprites
     0000000C  ___bank_scene_5_collisions         scene_5_collisions
     0000000C  ___bank_sound_impact_sound4_wav    sound_impact_sound4_wav
     0000000C  b_vm_context_prepare               vm_gameboy
     0000000C  b_vm_fade                          vm_gameboy
     0000000C  b_vm_get_tile_xy                   vm_gameboy
     0000000C  b_vm_input_attach                  vm_gameboy
     0000000C  b_vm_input_detach                  vm_gameboy
     0000000C  b_vm_input_get                     vm_gameboy
     0000000C  b_vm_input_wait                    vm_gameboy
     0000000C  b_vm_load_tiles                    vm_gameboy
     0000000C  b_vm_load_tileset                  vm_gameboy
     0000000C  b_vm_poll                          vm_gameboy
     0000000C  b_vm_replace_tile                  vm_gameboy
     0000000C  b_vm_replace_tile_xy               vm_gameboy
     0000000C  b_vm_rumble                        vm_gameboy
     0000000C  b_vm_set_sprite_mode               vm_gameboy
     0000000C  b_vm_set_sprites_visible           vm_gameboy
     0000000C  b_vm_timer_prepare                 vm_gameboy
     0000000C  b_vm_timer_reset                   vm_gameboy
     0000000C  b_vm_timer_set                     vm_gameboy
     0000000C  b_vm_timer_stop                    vm_gameboy
ASxxxx Linker V03.00 + NoICE + sdld,  page 7.
Hexadecimal  [32-Bits]

Area                                    Addr        Size        Decimal Bytes (Attributes)
--------------------------------        ----        ----        ------- ----- ------------
.  .ABS.                            00000000    00000000 =           0. bytes (ABS,CON)

      Value  Global                              Global Defined In Module
      -----  --------------------------------   ------------------------
     0000000D  ___bank_VM_PROJECTILE              vm_projectiles
     0000000D  ___bank_bg_lights_background_til   bg_lights_background_tileset
     0000000D  ___bank_bg_lights_garden_tilemap   bg_lights_garden_tilemap
     0000000D  ___bank_bg_lights_garden_tilemap   bg_lights_garden_tilemap_att
     0000000D  ___bank_bg_lights_home_tileset     bg_lights_home_tileset
     0000000D  ___bank_bg_lights_library_tilese   bg_lights_library_tileset
     0000000D  ___bank_bg_save_area0_tilemap      bg_save_area0_tilemap
     0000000D  ___bank_bg_save_area0_tilemap_at   bg_save_area0_tilemap_attr
     0000000D  ___bank_bg_ship_simulator0_tilem   bg_ship_simulator0_tilemap
     0000000D  ___bank_scene_10_triggers          scene_10_triggers
     0000000D  ___bank_scene_19_collisions        scene_19_collisions
     0000000D  ___bank_scene_20_collisions        scene_20_collisions
     0000000D  ___bank_script_1                   script_1
     0000000D  ___bank_script_9                   script_9
     0000000D  b_projectile_launch                projectiles
     0000000D  b_projectiles_init                 projectiles
     0000000D  b_vm_projectile_launch             vm_projectiles
     0000000D  b_vm_projectile_load_type          vm_projectiles
     0000000E  ___bank_VM_CAMERA                  vm_camera
     0000000E  ___bank_VM_RTC                     vm_rtc
     0000000E  ___bank_VM_SIO                     vm_sio
     0000000E  ___bank_bg_game_menu_tileset       bg_game_menu_tileset
     0000000E  ___bank_bg_leaving_luna_copy_til   bg_leaving_luna_copy_tileset
     0000000E  ___bank_bg_save_area0_tileset      bg_save_area0_tileset
     0000000E  ___bank_bg_simulator_01passed_ti   bg_simulator_01passed_tilese
     0000000E  ___bank_bg_temporal_light_backgr   bg_temporal_light_backgroun_
     0000000E  ___bank_scene_12_actors            scene_12_actors
     0000000E  ___bank_scene_13_collisions        scene_13_collisions
     0000000E  ___bank_scene_6_actors             scene_6_actors
     0000000E  ___bank_script_12                  script_12
     0000000E  ___bank_script_2                   script_2
     0000000E  ___bank_sprite_number_ui_tileset   sprite_number_ui_tileset
     0000000E  b___HandleCrash_banked             
     0000000E  b_camera_shake_frames              vm_camera
     0000000E  b_core_reset                       core
     0000000E  b_core_run                         core
     0000000E  b_data_clear                       load_save
     0000000E  b_data_init                        load_save
     0000000E  b_data_load                        load_save
     0000000E  b_data_peek                        load_save
     0000000E  b_data_save                        load_save
     0000000E  b_fade_applypalettechange          fade_manager
     0000000E  b_fade_in                          fade_manager
     0000000E  b_fade_in_modal                    fade_manager
     0000000E  b_fade_init                        fade_manager
     0000000E  b_fade_out                         fade_manager
     0000000E  b_fade_out_modal                   fade_manager
     0000000E  b_fade_setspeed                    fade_manager
     0000000E  b_fade_update                      fade_manager
     0000000E  b_gbprinter_detect                 gbprinter
     0000000E  b_gbprinter_print_overlay          gbprinter
ASxxxx Linker V03.00 + NoICE + sdld,  page 8.
Hexadecimal  [32-Bits]

Area                                    Addr        Size        Decimal Bytes (Attributes)
--------------------------------        ----        ----        ------- ----- ------------
.  .ABS.                            00000000    00000000 =           0. bytes (ABS,CON)

      Value  Global                              Global Defined In Module
      -----  --------------------------------   ------------------------
     0000000E  b_pointnclick_init                 pointnclick
     0000000E  b_pointnclick_update               pointnclick
     0000000E  b_trigger_activate_at              trigger
     0000000E  b_trigger_activate_at_intersecti   trigger
     0000000E  b_trigger_at_intersection          trigger
     0000000E  b_trigger_at_tile                  trigger
     0000000E  b_trigger_interact                 trigger
     0000000E  b_trigger_reset                    trigger
     0000000E  b_vm_camera_move_to                vm_camera
     0000000E  b_vm_camera_set_pos                vm_camera
     0000000E  b_vm_rtc_get                       vm_rtc
     0000000E  b_vm_rtc_latch                     vm_rtc
     0000000E  b_vm_rtc_set                       vm_rtc
     0000000E  b_vm_rtc_start                     vm_rtc
     0000000E  b_vm_sio_exchange                  vm_sio
     0000000E  b_vm_sio_set_mode                  vm_sio
     0000000F  ___bank_VM_MATH                    vm_math
     0000000F  ___bank_VM_PALETTE                 vm_palette
     0000000F  ___bank_actor_2_update             actor_2_update
     0000000F  ___bank_actor_70_interact          actor_70_interact
     0000000F  ___bank_bg_a_unknown_menu_tilema   bg_a_unknown_menu_tilemap
     0000000F  ___bank_bg_evasion_test01_tilese   bg_evasion_test01_tileset
     0000000F  ___bank_bg_game_menu_tilemap       bg_game_menu_tilemap
     0000000F  ___bank_bg_gameover_tilemap        bg_gameover_tilemap
     0000000F  ___bank_bg_item_menu_tilemap       bg_item_menu_tilemap
     0000000F  ___bank_bg_item_menu_tilemap_att   bg_item_menu_tilemap_attr
     0000000F  ___bank_bg_item_menu_tileset       bg_item_menu_tileset
     0000000F  ___bank_bg_lights_adventure_logo   bg_lights_adventure_logo_til
     0000000F  ___bank_bg_lights_adventure_logo   bg_lights_adventure_logo_til
     0000000F  ___bank_bg_lights_background_til   bg_lights_background_tilemap
     0000000F  ___bank_bg_lights_background_til   bg_lights_background_tilemap
     0000000F  ___bank_bg_lights_library_access   bg_lights_library_access0_ti
     0000000F  ___bank_bg_load_game_background_   bg_load_game_background_tile
     0000000F  ___bank_bg_placeholder_tilemap     bg_placeholder_tilemap
     0000000F  ___bank_bg_placeholder_tilemap_a   bg_placeholder_tilemap_attr
     0000000F  ___bank_bg_simulator_01passed_ti   bg_simulator_01passed_tilema
     0000000F  ___bank_bg_temporal_light_backgr   bg_temporal_light_backgroun_
     0000000F  ___bank_scene_0_collisions         scene_0_collisions
     0000000F  ___bank_scene_10_collisions        scene_10_collisions
     0000000F  ___bank_scene_11_collisions        scene_11_collisions
     0000000F  ___bank_scene_15_actors            scene_15_actors
     0000000F  ___bank_scene_18_actors            scene_18_actors
     0000000F  ___bank_scene_19_actors            scene_19_actors
     0000000F  ___bank_scene_1_collisions         scene_1_collisions
     0000000F  ___bank_scene_21_actors            scene_21_actors
     0000000F  ___bank_scene_22_actors            scene_22_actors
     0000000F  ___bank_scene_24_actors            scene_24_actors
     0000000F  ___bank_scene_8_actors             scene_8_actors
     0000000F  ___bank_scene_9_actors             scene_9_actors
     0000000F  ___bank_script_10                  script_10
     0000000F  ___bank_script_13                  script_13
ASxxxx Linker V03.00 + NoICE + sdld,  page 9.
Hexadecimal  [32-Bits]

Area                                    Addr        Size        Decimal Bytes (Attributes)
--------------------------------        ----        ----        ------- ----- ------------
.  .ABS.                            00000000    00000000 =           0. bytes (ABS,CON)

      Value  Global                              Global Defined In Module
      -----  --------------------------------   ------------------------
     0000000F  ___bank_script_3                   script_3
     0000000F  ___bank_script_input_0             script_input_0
     0000000F  ___bank_sprite_light_animated      sprite_light_animated
     0000000F  ___bank_sprite_light_animated_ti   sprite_light_animated_tilese
     0000000F  b_set_sgb_border                   sgb_border
     0000000F  b_vm_cos_scale                     vm_math
     0000000F  b_vm_load_palette                  vm_palette
     0000000F  b_vm_sin_scale                     vm_math
     00000010  ___bank_VM_GBPRINTER               vm_gbprinter
     00000010  ___bank_VM_SCENE                   vm_scene
     00000010  ___bank_actor_106_update           actor_106_update
     00000010  ___bank_actor_107_update           actor_107_update
     00000010  ___bank_actor_108_update           actor_108_update
     00000010  ___bank_actor_109_update           actor_109_update
     00000010  ___bank_actor_110_update           actor_110_update
     00000010  ___bank_actor_111_update           actor_111_update
     00000010  ___bank_actor_112_update           actor_112_update
     00000010  ___bank_actor_113_update           actor_113_update
     00000010  ___bank_actor_114_update           actor_114_update
     00000010  ___bank_actor_115_update           actor_115_update
     00000010  ___bank_actor_116_update           actor_116_update
     00000010  ___bank_actor_117_update           actor_117_update
     00000010  ___bank_actor_118_update           actor_118_update
     00000010  ___bank_actor_119_update           actor_119_update
     00000010  ___bank_actor_120_update           actor_120_update
     00000010  ___bank_actor_121_update           actor_121_update
     00000010  ___bank_actor_122_update           actor_122_update
     00000010  ___bank_actor_123_update           actor_123_update
     00000010  ___bank_actor_124_update           actor_124_update
     00000010  ___bank_actor_130_interact         actor_130_interact
     00000010  ___bank_actor_134_update           actor_134_update
     00000010  ___bank_actor_138_update           actor_138_update
     00000010  ___bank_actor_28_interact          actor_28_interact
     00000010  ___bank_actor_40_update            actor_40_update
     00000010  ___bank_actor_41_interact          actor_41_interact
     00000010  ___bank_actor_42_interact          actor_42_interact
     00000010  ___bank_actor_45_update            actor_45_update
     00000010  ___bank_actor_46_update            actor_46_update
     00000010  ___bank_actor_47_update            actor_47_update
     00000010  ___bank_actor_51_update            actor_51_update
     00000010  ___bank_actor_52_update            actor_52_update
     00000010  ___bank_actor_53_update            actor_53_update
     00000010  ___bank_actor_54_update            actor_54_update
     00000010  ___bank_actor_55_update            actor_55_update
     00000010  ___bank_actor_59_update            actor_59_update
     00000010  ___bank_actor_63_update            actor_63_update
     00000010  ___bank_actor_64_update            actor_64_update
     00000010  ___bank_actor_81_interact          actor_81_interact
     00000010  ___bank_actor_82_interact          actor_82_interact
     00000010  ___bank_actor_83_interact          actor_83_interact
     00000010  ___bank_actor_84_interact          actor_84_interact
ASxxxx Linker V03.00 + NoICE + sdld,  page 10.
Hexadecimal  [32-Bits]

Area                                    Addr        Size        Decimal Bytes (Attributes)
--------------------------------        ----        ----        ------- ----- ------------
.  .ABS.                            00000000    00000000 =           0. bytes (ABS,CON)

      Value  Global                              Global Defined In Module
      -----  --------------------------------   ------------------------
     00000010  ___bank_actor_85_interact          actor_85_interact
     00000010  ___bank_actor_86_interact          actor_86_interact
     00000010  ___bank_actor_87_interact          actor_87_interact
     00000010  ___bank_actor_88_interact          actor_88_interact
     00000010  ___bank_actor_89_interact          actor_89_interact
     00000010  ___bank_actor_90_interact          actor_90_interact
     00000010  ___bank_actor_91_interact          actor_91_interact
     00000010  ___bank_actor_92_interact          actor_92_interact
     00000010  ___bank_actor_93_interact          actor_93_interact
     00000010  ___bank_actor_94_interact          actor_94_interact
     00000010  ___bank_actor_95_interact          actor_95_interact
     00000010  ___bank_actor_97_interact          actor_97_interact
     00000010  ___bank_bg_leaving_luna_copy_0_t   bg_leaving_luna_copy_0_tiles
     00000010  ___bank_frame_image                frame_image
     00000010  ___bank_scene_10_actors            scene_10_actors
     00000010  ___bank_scene_11_actors            scene_11_actors
     00000010  ___bank_scene_13_actors            scene_13_actors
     00000010  ___bank_scene_14_collisions        scene_14_collisions
     00000010  ___bank_scene_15_collisions        scene_15_collisions
     00000010  ___bank_scene_15_init              scene_15_init
     00000010  ___bank_scene_17_collisions        scene_17_collisions
     00000010  ___bank_scene_18_collisions        scene_18_collisions
     00000010  ___bank_scene_19_init              scene_19_init
     00000010  ___bank_scene_1_init               scene_1_init
     00000010  ___bank_scene_20_actors            scene_20_actors
     00000010  ___bank_scene_21_init              scene_21_init
     00000010  ___bank_scene_21_p_hit1            scene_21_p_hit1
     00000010  ___bank_scene_23_collisions        scene_23_collisions
     00000010  ___bank_scene_24_init              scene_24_init
     00000010  ___bank_scene_25_actors            scene_25_actors
     00000010  ___bank_scene_25_init              scene_25_init
     00000010  ___bank_scene_26_actors            scene_26_actors
     00000010  ___bank_scene_26_collisions        scene_26_collisions
     00000010  ___bank_scene_2_collisions         scene_2_collisions
     00000010  ___bank_scene_3_collisions         scene_3_collisions
     00000010  ___bank_scene_3_init               scene_3_init
     00000010  ___bank_scene_4_collisions         scene_4_collisions
     00000010  ___bank_scene_5_actors             scene_5_actors
     00000010  ___bank_scene_6_triggers           scene_6_triggers
     00000010  ___bank_scene_7_actors             scene_7_actors
     00000010  ___bank_scene_7_init               scene_7_init
     00000010  ___bank_script_5                   script_5
     00000010  ___bank_script_input_1             script_input_1
     00000010  ___bank_script_input_11            script_input_11
     00000010  ___bank_script_input_12            script_input_12
     00000010  ___bank_script_input_13            script_input_13
     00000010  ___bank_script_input_14            script_input_14
     00000010  ___bank_script_input_15            script_input_15
     00000010  ___bank_script_input_16            script_input_16
     00000010  ___bank_script_input_17            script_input_17
     00000010  ___bank_script_input_18            script_input_18
ASxxxx Linker V03.00 + NoICE + sdld,  page 11.
Hexadecimal  [32-Bits]

Area                                    Addr        Size        Decimal Bytes (Attributes)
--------------------------------        ----        ----        ------- ----- ------------
.  .ABS.                            00000000    00000000 =           0. bytes (ABS,CON)

      Value  Global                              Global Defined In Module
      -----  --------------------------------   ------------------------
     00000010  ___bank_script_input_19            script_input_19
     00000010  ___bank_script_input_3             script_input_3
     00000010  ___bank_script_input_4             script_input_4
     00000010  ___bank_sprite_actor               sprite_actor
     00000010  ___bank_sprite_actor_tileset       sprite_actor_tileset
     00000010  ___bank_sprite_light_key           sprite_light_key
     00000010  ___bank_sprite_light_key_tileset   sprite_light_key_tileset
     00000010  ___bank_sprite_number_ui           sprite_number_ui
     00000010  ___bank_sprite_potion_plant_tile   sprite_potion_plant_tileset
     00000010  ___bank_sprite_ship_animated       sprite_ship_animated
     00000010  ___bank_sprite_swordattack         sprite_swordattack
     00000010  ___bank_sprite_swordattack_tiles   sprite_swordattack_tileset
     00000010  ___bank_trigger_46_interact        trigger_46_interact
     00000010  ___bank_trigger_47_interact        trigger_47_interact
     00000010  b_erase_flash                      
     00000010  b_itoa_fmt                         vm_ui_a
     00000010  b_music_events_poll                music_manager
     00000010  b_music_init_driver                music_manager
     00000010  b_music_init_events                music_manager
     00000010  b_restore_sram                     flasher
     00000010  b_restore_sram_bank                flasher
     00000010  b_save_sram                        flasher
     00000010  b_save_sram_banks                  
     00000010  b_vm_print_detect                  vm_gbprinter
     00000010  b_vm_print_overlay                 vm_gbprinter
     00000010  b_vm_scene_pop                     vm_scene
     00000010  b_vm_scene_pop_all                 vm_scene
     00000010  b_vm_scene_push                    vm_scene
     00000010  b_vm_scene_stack_reset             vm_scene
     00000011  ___bank_actor_0_interact           actor_0_interact
     00000011  ___bank_actor_100_update           actor_100_update
     00000011  ___bank_actor_101_update           actor_101_update
     00000011  ___bank_actor_102_update           actor_102_update
     00000011  ___bank_actor_103_update           actor_103_update
     00000011  ___bank_actor_104_update           actor_104_update
     00000011  ___bank_actor_105_interact         actor_105_interact
     00000011  ___bank_actor_106_interact         actor_106_interact
     00000011  ___bank_actor_107_interact         actor_107_interact
     00000011  ___bank_actor_10_update            actor_10_update
     00000011  ___bank_actor_110_interact         actor_110_interact
     00000011  ___bank_actor_111_interact         actor_111_interact
     00000011  ___bank_actor_114_interact         actor_114_interact
     00000011  ___bank_actor_115_interact         actor_115_interact
     00000011  ___bank_actor_117_interact         actor_117_interact
     00000011  ___bank_actor_118_interact         actor_118_interact
     00000011  ___bank_actor_119_interact         actor_119_interact
     00000011  ___bank_actor_11_update            actor_11_update
     00000011  ___bank_actor_120_interact         actor_120_interact
     00000011  ___bank_actor_122_interact         actor_122_interact
     00000011  ___bank_actor_123_interact         actor_123_interact
     00000011  ___bank_actor_125_interact         actor_125_interact
ASxxxx Linker V03.00 + NoICE + sdld,  page 12.
Hexadecimal  [32-Bits]

Area                                    Addr        Size        Decimal Bytes (Attributes)
--------------------------------        ----        ----        ------- ----- ------------
.  .ABS.                            00000000    00000000 =           0. bytes (ABS,CON)

      Value  Global                              Global Defined In Module
      -----  --------------------------------   ------------------------
     00000011  ___bank_actor_126_interact         actor_126_interact
     00000011  ___bank_actor_127_update           actor_127_update
     00000011  ___bank_actor_128_update           actor_128_update
     00000011  ___bank_actor_129_update           actor_129_update
     00000011  ___bank_actor_12_update            actor_12_update
     00000011  ___bank_actor_131_update           actor_131_update
     00000011  ___bank_actor_132_update           actor_132_update
     00000011  ___bank_actor_133_update           actor_133_update
     00000011  ___bank_actor_135_update           actor_135_update
     00000011  ___bank_actor_136_update           actor_136_update
     00000011  ___bank_actor_137_update           actor_137_update
     00000011  ___bank_actor_13_update            actor_13_update
     00000011  ___bank_actor_140_update           actor_140_update
     00000011  ___bank_actor_141_update           actor_141_update
     00000011  ___bank_actor_142_update           actor_142_update
     00000011  ___bank_actor_143_update           actor_143_update
     00000011  ___bank_actor_144_update           actor_144_update
     00000011  ___bank_actor_145_update           actor_145_update
     00000011  ___bank_actor_146_update           actor_146_update
     00000011  ___bank_actor_147_update           actor_147_update
     00000011  ___bank_actor_14_update            actor_14_update
     00000011  ___bank_actor_15_update            actor_15_update
     00000011  ___bank_actor_16_update            actor_16_update
     00000011  ___bank_actor_17_update            actor_17_update
     00000011  ___bank_actor_18_update            actor_18_update
     00000011  ___bank_actor_19_update            actor_19_update
     00000011  ___bank_actor_1_update             actor_1_update
     00000011  ___bank_actor_20_update            actor_20_update
     00000011  ___bank_actor_21_update            actor_21_update
     00000011  ___bank_actor_22_update            actor_22_update
     00000011  ___bank_actor_23_update            actor_23_update
     00000011  ___bank_actor_24_update            actor_24_update
     00000011  ___bank_actor_25_update            actor_25_update
     00000011  ___bank_actor_26_update            actor_26_update
     00000011  ___bank_actor_27_interact          actor_27_interact
     00000011  ___bank_actor_29_interact          actor_29_interact
     00000011  ___bank_actor_2_interact           actor_2_interact
     00000011  ___bank_actor_30_interact          actor_30_interact
     00000011  ___bank_actor_31_interact          actor_31_interact
     00000011  ___bank_actor_31_update            actor_31_update
     00000011  ___bank_actor_32_interact          actor_32_interact
     00000011  ___bank_actor_32_update            actor_32_update
     00000011  ___bank_actor_33_interact          actor_33_interact
     00000011  ___bank_actor_33_update            actor_33_update
     00000011  ___bank_actor_34_interact          actor_34_interact
     00000011  ___bank_actor_34_update            actor_34_update
     00000011  ___bank_actor_35_interact          actor_35_interact
     00000011  ___bank_actor_35_update            actor_35_update
     00000011  ___bank_actor_36_interact          actor_36_interact
     00000011  ___bank_actor_36_update            actor_36_update
     00000011  ___bank_actor_37_interact          actor_37_interact
ASxxxx Linker V03.00 + NoICE + sdld,  page 13.
Hexadecimal  [32-Bits]

Area                                    Addr        Size        Decimal Bytes (Attributes)
--------------------------------        ----        ----        ------- ----- ------------
.  .ABS.                            00000000    00000000 =           0. bytes (ABS,CON)

      Value  Global                              Global Defined In Module
      -----  --------------------------------   ------------------------
     00000011  ___bank_actor_37_update            actor_37_update
     00000011  ___bank_actor_38_interact          actor_38_interact
     00000011  ___bank_actor_38_update            actor_38_update
     00000011  ___bank_actor_39_interact          actor_39_interact
     00000011  ___bank_actor_39_update            actor_39_update
     00000011  ___bank_actor_3_interact           actor_3_interact
     00000011  ___bank_actor_3_update             actor_3_update
     00000011  ___bank_actor_43_interact          actor_43_interact
     00000011  ___bank_actor_44_interact          actor_44_interact
     00000011  ___bank_actor_48_update            actor_48_update
     00000011  ___bank_actor_49_update            actor_49_update
     00000011  ___bank_actor_4_update             actor_4_update
     00000011  ___bank_actor_50_update            actor_50_update
     00000011  ___bank_actor_56_update            actor_56_update
     00000011  ___bank_actor_57_update            actor_57_update
     00000011  ___bank_actor_58_update            actor_58_update
     00000011  ___bank_actor_5_update             actor_5_update
     00000011  ___bank_actor_60_update            actor_60_update
     00000011  ___bank_actor_61_update            actor_61_update
     00000011  ___bank_actor_62_update            actor_62_update
     00000011  ___bank_actor_65_update            actor_65_update
     00000011  ___bank_actor_66_update            actor_66_update
     00000011  ___bank_actor_67_update            actor_67_update
     00000011  ___bank_actor_68_interact          actor_68_interact
     00000011  ___bank_actor_69_interact          actor_69_interact
     00000011  ___bank_actor_6_update             actor_6_update
     00000011  ___bank_actor_72_update            actor_72_update
     00000011  ___bank_actor_73_update            actor_73_update
     00000011  ___bank_actor_74_update            actor_74_update
     00000011  ___bank_actor_75_update            actor_75_update
     00000011  ___bank_actor_76_update            actor_76_update
     00000011  ___bank_actor_77_update            actor_77_update
     00000011  ___bank_actor_78_update            actor_78_update
     00000011  ___bank_actor_79_update            actor_79_update
     00000011  ___bank_actor_7_update             actor_7_update
     00000011  ___bank_actor_80_update            actor_80_update
     00000011  ___bank_actor_8_update             actor_8_update
     00000011  ___bank_actor_98_interact          actor_98_interact
     00000011  ___bank_actor_99_update            actor_99_update
     00000011  ___bank_actor_9_update             actor_9_update
     00000011  ___bank_avatar_font_0              avatar_font_0
     00000011  ___bank_bg_a_unknown_menu          bg_a_unknown_menu
     00000011  ___bank_bg_evasion_test01          bg_evasion_test01
     00000011  ___bank_bg_game_menu               bg_game_menu
     00000011  ___bank_bg_gameover                bg_gameover
     00000011  ___bank_bg_item_menu               bg_item_menu
     00000011  ___bank_bg_leaving_earth           bg_leaving_earth
     00000011  ___bank_bg_leaving_luna_copy       bg_leaving_luna_copy
     00000011  ___bank_bg_leaving_luna_copy_0     bg_leaving_luna_copy_0
     00000011  ___bank_bg_lights_adventure_logo   bg_lights_adventure_logo
     00000011  ___bank_bg_lights_background       bg_lights_background
ASxxxx Linker V03.00 + NoICE + sdld,  page 14.
Hexadecimal  [32-Bits]

Area                                    Addr        Size        Decimal Bytes (Attributes)
--------------------------------        ----        ----        ------- ----- ------------
.  .ABS.                            00000000    00000000 =           0. bytes (ABS,CON)

      Value  Global                              Global Defined In Module
      -----  --------------------------------   ------------------------
     00000011  ___bank_bg_lights_garden           bg_lights_garden
     00000011  ___bank_bg_lights_home             bg_lights_home
     00000011  ___bank_bg_lights_library          bg_lights_library
     00000011  ___bank_bg_lights_library_access   bg_lights_library_access0
     00000011  ___bank_bg_lights_library_access   bg_lights_library_access1
     00000011  ___bank_bg_load_game_background    bg_load_game_background
     00000011  ___bank_bg_luna_royal_courtyard    bg_luna_royal_courtyard
     00000011  ___bank_bg_luna_royal_courtyard2   bg_luna_royal_courtyard2
     00000011  ___bank_bg_placeholder             bg_placeholder
     00000011  ___bank_bg_placeholder_tileset     bg_placeholder_tileset
     00000011  ___bank_bg_save_area0              bg_save_area0
     00000011  ___bank_bg_ship_simulator0         bg_ship_simulator0
     00000011  ___bank_bg_simulator_01passed      bg_simulator_01passed
     00000011  ___bank_bg_temporal_light_backgr   bg_temporal_light_backgroun
     00000011  ___bank_bootstrap_script           
     00000011  ___bank_cursor_image               cursor_image
     00000011  ___bank_palette_0                  palette_0
     00000011  ___bank_palette_1                  palette_1
     00000011  ___bank_palette_10                 palette_10
     00000011  ___bank_palette_11                 palette_11
     00000011  ___bank_palette_12                 palette_12
     00000011  ___bank_palette_13                 palette_13
     00000011  ___bank_palette_14                 palette_14
     00000011  ___bank_palette_2                  palette_2
     00000011  ___bank_palette_3                  palette_3
     00000011  ___bank_palette_4                  palette_4
     00000011  ___bank_palette_5                  palette_5
     00000011  ___bank_palette_6                  palette_6
     00000011  ___bank_palette_7                  palette_7
     00000011  ___bank_palette_8                  palette_8
     00000011  ___bank_palette_9                  palette_9
     00000011  ___bank_scene_0                    scene_0
     00000011  ___bank_scene_0_init               scene_0_init
     00000011  ___bank_scene_0_sprites            scene_0_sprites
     00000011  ___bank_scene_1                    scene_1
     00000011  ___bank_scene_10                   scene_10
     00000011  ___bank_scene_10_init              scene_10_init
     00000011  ___bank_scene_10_p_hit1            scene_10_p_hit1
     00000011  ___bank_scene_10_projectiles       scene_10_projectiles
     00000011  ___bank_scene_11                   scene_11
     00000011  ___bank_scene_11_init              scene_11_init
     00000011  ___bank_scene_11_p_hit1            scene_11_p_hit1
     00000011  ___bank_scene_11_projectiles       scene_11_projectiles
     00000011  ___bank_scene_11_triggers          scene_11_triggers
     00000011  ___bank_scene_12                   scene_12
     00000011  ___bank_scene_12_init              scene_12_init
     00000011  ___bank_scene_12_p_hit1            scene_12_p_hit1
     00000011  ___bank_scene_12_projectiles       scene_12_projectiles
     00000011  ___bank_scene_12_sprites           scene_12_sprites
     00000011  ___bank_scene_12_triggers          scene_12_triggers
     00000011  ___bank_scene_13                   scene_13
ASxxxx Linker V03.00 + NoICE + sdld,  page 15.
Hexadecimal  [32-Bits]

Area                                    Addr        Size        Decimal Bytes (Attributes)
--------------------------------        ----        ----        ------- ----- ------------
.  .ABS.                            00000000    00000000 =           0. bytes (ABS,CON)

      Value  Global                              Global Defined In Module
      -----  --------------------------------   ------------------------
     00000011  ___bank_scene_13_init              scene_13_init
     00000011  ___bank_scene_13_p_hit1            scene_13_p_hit1
     00000011  ___bank_scene_13_projectiles       scene_13_projectiles
     00000011  ___bank_scene_13_sprites           scene_13_sprites
     00000011  ___bank_scene_13_triggers          scene_13_triggers
     00000011  ___bank_scene_14                   scene_14
     00000011  ___bank_scene_14_init              scene_14_init
     00000011  ___bank_scene_15                   scene_15
     00000011  ___bank_scene_15_triggers          scene_15_triggers
     00000011  ___bank_scene_17                   scene_17
     00000011  ___bank_scene_18                   scene_18
     00000011  ___bank_scene_18_init              scene_18_init
     00000011  ___bank_scene_19                   scene_19
     00000011  ___bank_scene_19_p_hit1            scene_19_p_hit1
     00000011  ___bank_scene_19_projectiles       scene_19_projectiles
     00000011  ___bank_scene_19_sprites           scene_19_sprites
     00000011  ___bank_scene_19_triggers          scene_19_triggers
     00000011  ___bank_scene_2                    scene_2
     00000011  ___bank_scene_20                   scene_20
     00000011  ___bank_scene_20_init              scene_20_init
     00000011  ___bank_scene_20_p_hit1            scene_20_p_hit1
     00000011  ___bank_scene_20_projectiles       scene_20_projectiles
     00000011  ___bank_scene_20_sprites           scene_20_sprites
     00000011  ___bank_scene_20_triggers          scene_20_triggers
     00000011  ___bank_scene_21                   scene_21
     00000011  ___bank_scene_21_projectiles       scene_21_projectiles
     00000011  ___bank_scene_21_sprites           scene_21_sprites
     00000011  ___bank_scene_21_triggers          scene_21_triggers
     00000011  ___bank_scene_22                   scene_22
     00000011  ___bank_scene_22_init              scene_22_init
     00000011  ___bank_scene_22_p_hit1            scene_22_p_hit1
     00000011  ___bank_scene_22_projectiles       scene_22_projectiles
     00000011  ___bank_scene_22_sprites           scene_22_sprites
     00000011  ___bank_scene_22_triggers          scene_22_triggers
     00000011  ___bank_scene_23                   scene_23
     00000011  ___bank_scene_23_actors            scene_23_actors
     00000011  ___bank_scene_23_init              scene_23_init
     00000011  ___bank_scene_23_triggers          scene_23_triggers
     00000011  ___bank_scene_24                   scene_24
     00000011  ___bank_scene_24_p_hit1            scene_24_p_hit1
     00000011  ___bank_scene_24_projectiles       scene_24_projectiles
     00000011  ___bank_scene_24_sprites           scene_24_sprites
     00000011  ___bank_scene_24_triggers          scene_24_triggers
     00000011  ___bank_scene_25                   scene_25
     00000011  ___bank_scene_25_projectiles       scene_25_projectiles
     00000011  ___bank_scene_25_sprites           scene_25_sprites
     00000011  ___bank_scene_26                   scene_26
     00000011  ___bank_scene_26_init              scene_26_init
     00000011  ___bank_scene_26_sprites           scene_26_sprites
     00000011  ___bank_scene_26_triggers          scene_26_triggers
     00000011  ___bank_scene_2_init               scene_2_init
ASxxxx Linker V03.00 + NoICE + sdld,  page 16.
Hexadecimal  [32-Bits]

Area                                    Addr        Size        Decimal Bytes (Attributes)
--------------------------------        ----        ----        ------- ----- ------------
.  .ABS.                            00000000    00000000 =           0. bytes (ABS,CON)

      Value  Global                              Global Defined In Module
      -----  --------------------------------   ------------------------
     00000011  ___bank_scene_3                    scene_3
     00000011  ___bank_scene_4                    scene_4
     00000011  ___bank_scene_4_init               scene_4_init
     00000011  ___bank_scene_5                    scene_5
     00000011  ___bank_scene_5_init               scene_5_init
     00000011  ___bank_scene_5_p_hit1             scene_5_p_hit1
     00000011  ___bank_scene_5_projectiles        scene_5_projectiles
     00000011  ___bank_scene_5_sprites            scene_5_sprites
     00000011  ___bank_scene_5_triggers           scene_5_triggers
     00000011  ___bank_scene_6                    scene_6
     00000011  ___bank_scene_6_init               scene_6_init
     00000011  ___bank_scene_6_p_hit1             scene_6_p_hit1
     00000011  ___bank_scene_6_projectiles        scene_6_projectiles
     00000011  ___bank_scene_6_sprites            scene_6_sprites
     00000011  ___bank_scene_7                    scene_7
     00000011  ___bank_scene_7_p_hit1             scene_7_p_hit1
     00000011  ___bank_scene_7_projectiles        scene_7_projectiles
     00000011  ___bank_scene_7_sprites            scene_7_sprites
     00000011  ___bank_scene_8                    scene_8
     00000011  ___bank_scene_8_init               scene_8_init
     00000011  ___bank_scene_8_p_hit1             scene_8_p_hit1
     00000011  ___bank_scene_8_projectiles        scene_8_projectiles
     00000011  ___bank_scene_8_sprites            scene_8_sprites
     00000011  ___bank_scene_8_triggers           scene_8_triggers
     00000011  ___bank_scene_9                    scene_9
     00000011  ___bank_scene_9_init               scene_9_init
     00000011  ___bank_scene_9_p_hit1             scene_9_p_hit1
     00000011  ___bank_scene_9_projectiles        scene_9_projectiles
     00000011  ___bank_scene_9_sprites            scene_9_sprites
     00000011  ___bank_scene_9_triggers           scene_9_triggers
     00000011  ___bank_script_11                  script_11
     00000011  ___bank_script_4                   script_4
     00000011  ___bank_script_6                   script_6
     00000011  ___bank_script_7                   script_7
     00000011  ___bank_script_8                   script_8
     00000011  ___bank_script_engine_init         
     00000011  ___bank_script_input_10            script_input_10
     00000011  ___bank_script_input_2             script_input_2
     00000011  ___bank_script_input_20            script_input_20
     00000011  ___bank_script_input_21            script_input_21
     00000011  ___bank_script_input_5             script_input_5
     00000011  ___bank_script_input_6             script_input_6
     00000011  ___bank_script_input_7             script_input_7
     00000011  ___bank_script_input_8             script_input_8
     00000011  ___bank_script_input_9             script_input_9
     00000011  ___bank_script_timer_0             script_timer_0
     00000011  ___bank_script_timer_1             script_timer_1
     00000011  ___bank_script_timer_10            script_timer_10
     00000011  ___bank_script_timer_11            script_timer_11
     00000011  ___bank_script_timer_12            script_timer_12
     00000011  ___bank_script_timer_13            script_timer_13
ASxxxx Linker V03.00 + NoICE + sdld,  page 17.
Hexadecimal  [32-Bits]

Area                                    Addr        Size        Decimal Bytes (Attributes)
--------------------------------        ----        ----        ------- ----- ------------
.  .ABS.                            00000000    00000000 =           0. bytes (ABS,CON)

      Value  Global                              Global Defined In Module
      -----  --------------------------------   ------------------------
     00000011  ___bank_script_timer_14            script_timer_14
     00000011  ___bank_script_timer_15            script_timer_15
     00000011  ___bank_script_timer_16            script_timer_16
     00000011  ___bank_script_timer_17            script_timer_17
     00000011  ___bank_script_timer_18            script_timer_18
     00000011  ___bank_script_timer_19            script_timer_19
     00000011  ___bank_script_timer_2             script_timer_2
     00000011  ___bank_script_timer_20            script_timer_20
     00000011  ___bank_script_timer_3             script_timer_3
     00000011  ___bank_script_timer_4             script_timer_4
     00000011  ___bank_script_timer_5             script_timer_5
     00000011  ___bank_script_timer_6             script_timer_6
     00000011  ___bank_script_timer_7             script_timer_7
     00000011  ___bank_script_timer_8             script_timer_8
     00000011  ___bank_script_timer_9             script_timer_9
     00000011  ___bank_sound_legacy_0             sound_legacy_0
     00000011  ___bank_sprite_book                sprite_book
     00000011  ___bank_sprite_book_tileset        sprite_book_tileset
     00000011  ___bank_sprite_breakable_walls     sprite_breakable_walls
     00000011  ___bank_sprite_breakable_walls_t   sprite_breakable_walls_tiles
     00000011  ___bank_sprite_circuitry_key_fra   sprite_circuitry_key_fragme
     00000011  ___bank_sprite_circuitry_key_fra   sprite_circuitry_key_fragme_
     00000011  ___bank_sprite_hp                  sprite_hp
     00000011  ___bank_sprite_hp_tileset          sprite_hp_tileset
     00000011  ___bank_sprite_metal_key_fragmen   sprite_metal_key_fragment
     00000011  ___bank_sprite_metal_key_fragmen   sprite_metal_key_fragment_ti
     00000011  ___bank_sprite_potion_plant        sprite_potion_plant
     00000011  ___bank_sprite_save                sprite_save
     00000011  ___bank_sprite_save_tileset        sprite_save_tileset
     00000011  ___bank_sprite_static              sprite_static
     00000011  ___bank_sprite_static_tileset      sprite_static_tileset
     00000011  ___bank_sprite_transparent         sprite_transparent
     00000011  ___bank_sprite_transparent_tiles   sprite_transparent_tileset
     00000011  ___bank_spritesheet_none           spritesheet_none
     00000011  ___bank_trigger_0_interact         trigger_0_interact
     00000011  ___bank_trigger_10_interact        trigger_10_interact
     00000011  ___bank_trigger_11_interact        trigger_11_interact
     00000011  ___bank_trigger_12_interact        trigger_12_interact
     00000011  ___bank_trigger_13_interact        trigger_13_interact
     00000011  ___bank_trigger_14_interact        trigger_14_interact
     00000011  ___bank_trigger_15_interact        trigger_15_interact
     00000011  ___bank_trigger_16_interact        trigger_16_interact
     00000011  ___bank_trigger_17_interact        trigger_17_interact
     00000011  ___bank_trigger_19_interact        trigger_19_interact
     00000011  ___bank_trigger_1_interact         trigger_1_interact
     00000011  ___bank_trigger_20_interact        trigger_20_interact
     00000011  ___bank_trigger_21_interact        trigger_21_interact
     00000011  ___bank_trigger_22_interact        trigger_22_interact
     00000011  ___bank_trigger_23_interact        trigger_23_interact
     00000011  ___bank_trigger_24_interact        trigger_24_interact
     00000011  ___bank_trigger_25_interact        trigger_25_interact
ASxxxx Linker V03.00 + NoICE + sdld,  page 18.
Hexadecimal  [32-Bits]

Area                                    Addr        Size        Decimal Bytes (Attributes)
--------------------------------        ----        ----        ------- ----- ------------
.  .ABS.                            00000000    00000000 =           0. bytes (ABS,CON)

      Value  Global                              Global Defined In Module
      -----  --------------------------------   ------------------------
     00000011  ___bank_trigger_26_interact        trigger_26_interact
     00000011  ___bank_trigger_27_interact        trigger_27_interact
     00000011  ___bank_trigger_28_interact        trigger_28_interact
     00000011  ___bank_trigger_29_interact        trigger_29_interact
     00000011  ___bank_trigger_2_interact         trigger_2_interact
     00000011  ___bank_trigger_30_interact        trigger_30_interact
     00000011  ___bank_trigger_31_interact        trigger_31_interact
     00000011  ___bank_trigger_32_interact        trigger_32_interact
     00000011  ___bank_trigger_33_interact        trigger_33_interact
     00000011  ___bank_trigger_34_interact        trigger_34_interact
     00000011  ___bank_trigger_35_interact        trigger_35_interact
     00000011  ___bank_trigger_36_interact        trigger_36_interact
     00000011  ___bank_trigger_37_interact        trigger_37_interact
     00000011  ___bank_trigger_38_interact        trigger_38_interact
     00000011  ___bank_trigger_39_interact        trigger_39_interact
     00000011  ___bank_trigger_3_interact         trigger_3_interact
     00000011  ___bank_trigger_40_interact        trigger_40_interact
     00000011  ___bank_trigger_41_interact        trigger_41_interact
     00000011  ___bank_trigger_42_interact        trigger_42_interact
     00000011  ___bank_trigger_43_interact        trigger_43_interact
     00000011  ___bank_trigger_44_interact        trigger_44_interact
     00000011  ___bank_trigger_45_interact        trigger_45_interact
     00000011  ___bank_trigger_49_interact        trigger_49_interact
     00000011  ___bank_trigger_4_interact         trigger_4_interact
     00000011  ___bank_trigger_50_interact        trigger_50_interact
     00000011  ___bank_trigger_51_interact        trigger_51_interact
     00000011  ___bank_trigger_52_interact        trigger_52_interact
     00000011  ___bank_trigger_53_interact        trigger_53_interact
     00000011  ___bank_trigger_54_interact        trigger_54_interact
     00000011  ___bank_trigger_55_interact        trigger_55_interact
     00000011  ___bank_trigger_56_interact        trigger_56_interact
     00000011  ___bank_trigger_5_interact         trigger_5_interact
     00000011  ___bank_trigger_6_interact         trigger_6_interact
     00000011  ___bank_trigger_7_interact         trigger_7_interact
     00000011  ___bank_trigger_8_interact         trigger_8_interact
     00000011  ___bank_trigger_9_interact         trigger_9_interact
     00000011  b_CGBZeroPalette                   palette
     00000011  b_camera_init                      camera
     00000011  b_camera_reset                     camera
     00000011  b_logo_init                        logo
     00000011  b_logo_update                      logo
     00000011  b_palette_init                     palette
     00000011  b_parallax_init                    parallax
     00000011  b_remove_LCD_ISRs                  interrupts
     00000011  b_scroll_rect                      
     00000011  l__EHL_TRAMPOLINE0              
     00000019  l__INITIALIZED                  
     00000019  l__INITIALIZER                  
     0000001C  __start_save                    
     0000002D  l__GSINIT                       
     00000030  l__HEADER6                      
ASxxxx Linker V03.00 + NoICE + sdld,  page 19.
Hexadecimal  [32-Bits]

Area                                    Addr        Size        Decimal Bytes (Attributes)
--------------------------------        ----        ----        ------- ----- ------------
.  .ABS.                            00000000    00000000 =           0. bytes (ABS,CON)

      Value  Global                              Global Defined In Module
      -----  --------------------------------   ------------------------
     0000004E  l__HEADER4                      
     00000082  l__HEADER10                     
     000001CB  l__CRASH_SCRATCH2               
     00000200  s__CODE                         
     000007A7  l__CODE                         
     000009A7  s__HOME                         
     0000197C  l__DATA                         
     00002000  _rROMB0                            
     00002C7E  l__HOME                         
     00003000  _rROMB1                            
     00003625  s__BASE                         
     00003625  s__CODE_0                       
     00003625  s__INITIALIZER                  
     00003625  s__LIT                          
     0000363E  s__GSINIT                       
     0000366B  s__GSFINAL                      
     00003B00  l__CODE_17                      
     00003FF3  l__CODE_1                       
     00003FFE  l__CODE_14                      
     00003FFF  l__CODE_10                      
     00003FFF  l__CODE_16                      
     00004000  _RTC_SELECT_REG                    vm_rtc
     00004000  _rRAMB                             
     00004000  l__CODE_11                      
     00004000  l__CODE_12                      
     00004000  l__CODE_13                      
     00004000  l__CODE_15                      
     00004000  l__CODE_2                       
     00004000  l__CODE_3                       
     00004000  l__CODE_4                       
     00004000  l__CODE_5                       
     00004000  l__CODE_6                       
     00004000  l__CODE_7                       
     00004000  l__CODE_8                       
     00004000  l__CODE_9                       
     00006000  _RTC_LATCH_REG                     vm_rtc
     00008000  __VRAM                             
     00008000  __VRAM8000                         
     00008800  __VRAM8800                         
     00009000  __VRAM9000                         
     00009800  __SCRN0                            
     00009C00  __SCRN1                            
     0000A000  _RTC_VALUE_REG                     vm_rtc
     0000A000  __SRAM                             
     0000C000  __RAM                              
     0000C000  _shadow_OAM                     
     0000C0A0  s__DATA                         
     0000D000  __RAMBANK                          
     0000DA1C  s__BSS                          
     0000DA1C  s__INITIALIZED                  
     0000DA35  s__HEAP                         
ASxxxx Linker V03.00 + NoICE + sdld,  page 20.
Hexadecimal  [32-Bits]

Area                                    Addr        Size        Decimal Bytes (Attributes)
--------------------------------        ----        ----        ------- ----- ------------
.  .ABS.                            00000000    00000000 =           0. bytes (ABS,CON)

      Value  Global                              Global Defined In Module
      -----  --------------------------------   ------------------------
     0000DF00  .STACK                          
     0000DF00  _shadow_OAM2                       absolute
     0000DFA0  _BkgPalette                        absolute
     0000DFE0  _vwf_tile_data                     absolute
     0000FE00  __OAMRAM                           
     0000FF00  _P1_REG                            
     0000FF00  __IO                               
     0000FF01  _SB_REG                            
     0000FF02  _SC_REG                            
     0000FF04  _DIV_REG                           
     0000FF05  _TIMA_REG                          
     0000FF06  _TMA_REG                           
     0000FF07  _TAC_REG                           
     0000FF0F  _IF_REG                            
     0000FF10  _NR10_REG                          
     0000FF11  _NR11_REG                          
     0000FF12  _NR12_REG                          
     0000FF13  _NR13_REG                          
     0000FF14  _NR14_REG                          
     0000FF16  _NR21_REG                          
     0000FF17  _NR22_REG                          
     0000FF18  _NR23_REG                          
     0000FF19  _NR24_REG                          
     0000FF1A  _NR30_REG                          
     0000FF1B  _NR31_REG                          
     0000FF1C  _NR32_REG                          
     0000FF1D  _NR33_REG                          
     0000FF1E  _NR34_REG                          
     0000FF20  _NR41_REG                          
     0000FF21  _NR42_REG                          
     0000FF22  _NR43_REG                          
     0000FF23  _NR44_REG                          
     0000FF24  _NR50_REG                          
     0000FF25  _NR51_REG                          
     0000FF26  _NR52_REG                          
     0000FF30  _AUD3WAVE                          
     0000FF30  _PCM_SAMPLE                        
     0000FF30  __AUD3WAVERAM                      
     0000FF40  _LCDC_REG                          
     0000FF41  _STAT_REG                          
     0000FF42  _SCY_REG                           
     0000FF43  _SCX_REG                           
     0000FF44  _LY_REG                            
     0000FF45  _LYC_REG                           
     0000FF46  _DMA_REG                           
     0000FF47  _BGP_REG                           
     0000FF48  _OBP0_REG                          
     0000FF49  _OBP1_REG                          
     0000FF4A  _WY_REG                            
     0000FF4B  _WX_REG                            
     0000FF4D  _KEY1_REG                          
ASxxxx Linker V03.00 + NoICE + sdld,  page 21.
Hexadecimal  [32-Bits]

Area                                    Addr        Size        Decimal Bytes (Attributes)
--------------------------------        ----        ----        ------- ----- ------------
.  .ABS.                            00000000    00000000 =           0. bytes (ABS,CON)

      Value  Global                              Global Defined In Module
      -----  --------------------------------   ------------------------
     0000FF4F  _VBK_REG                           
     0000FF51  _HDMA1_REG                         
     0000FF52  _HDMA2_REG                         
     0000FF53  _HDMA3_REG                         
     0000FF54  _HDMA4_REG                         
     0000FF55  _HDMA5_REG                         
     0000FF56  _RP_REG                            
     0000FF68  _BCPS_REG                          
     0000FF69  _BCPD_REG                          
     0000FF6A  _OCPS_REG                          
     0000FF6B  _OCPD_REG                          
     0000FF70  _SVBK_REG                          
     0000FF76  _PCM12_REG                         
     0000FF77  _PCM34_REG                         
     0000FF80  .refresh_OAM                    
     0000FF80  __HRAM                             
     0000FFFF  _IE_REG                            
     00014000  s__CODE_1                       
     00024000  s__CODE_2                       
     00034000  s__CODE_3                       
     00044000  s__CODE_4                       
     00054000  s__CODE_5                       
     00064000  s__CODE_6                       
     00074000  s__CODE_7                       
     00084000  s__CODE_8                       
     00094000  s__CODE_9                       
     000A4000  s__CODE_10                      
     000B4000  s__CODE_11                      
     000C4000  s__CODE_12                      
     000D4000  s__CODE_13                      
     000E4000  s__CODE_14                      
     000F4000  s__CODE_15                      
     00104000  s__CODE_16                      
     00114000  s__CODE_17                      
ASxxxx Linker V03.00 + NoICE + sdld,  page 22.
Hexadecimal  [32-Bits]

Area                                    Addr        Size        Decimal Bytes (Attributes)
--------------------------------        ----        ----        ------- ----- ------------
_CODE                               00000200    000007A7 =        1959. bytes (REL,CON)

      Value  Global                              Global Defined In Module
      -----  --------------------------------   ------------------------
     00000200  ___HandleCrash                     
     0000020A  _SIO_send_byte                     
     0000021D  _SIO_receive                       
     0000022E  _SetTile                           
     0000023D  _set_win_tile_xy                   
     00000242  _set_bkg_tile_xy                   
     00000265  _GetWinAddr                        
     0000026D  _GetBkgAddr                        
     0000027B  _state_init                        
     00000280  _state_update                      
     000002A2  _ui_time_masks                     
     000002AA  _ui_print_shift_char               
     0000032D  _ui_draw_frame_row                 
     00000336  .ui_draw_frame_row                 
     0000035F  _script_cmds                       vm_instructions
     00000593  _save_signature                    game_signature
     00000597  _start_scene_x                     
     00000599  _start_scene_y                     
     0000059B  _start_scene_dir                   
     0000059C  _start_scene                       
     0000059F  _start_player_move_speed           
     000005A0  _start_player_anim_tick            
     000005A1  _ui_fonts                          
     000005A7  _core_reset_hook                   main
     000005AF  _main                              main
     000005B7  _state_start_fns                   
     000005C9  _state_update_fns                  
     000005DB  _get_vram_byte                     
     000005E8  _get_win_tile_xy                   
     000005F0  _get_bkg_tile_xy                   
     00000617  _set_sprite_palette                CGB
     0000061C  _set_bkg_palette                   CGB
     0000061F  .set_palette                       CGB
     0000063E  _set_sprite_palette_entry          CGB
     00000643  _set_bkg_palette_entry             CGB
     00000646  .set_palette_entry                 CGB
     0000067F  gbt_get_pattern_ptr_banked         
     0000069E  _gbt_play                          
     00000759  _gbt_pause                         
     0000076A  _gbt_loop                          
     00000771  _gbt_stop                          
     0000077C  _gbt_enable_channels               
     00000783  _gbt_update                        
     00000888  _hide_sprites_range                Metasprites
     000008B8  .sgb_check                         
     000008B8  _sgb_check                         
     00000900  _sgb_transfer                      
     00000905  .sgb_transfer                      
     00000946  ___move_metasprite                 Metasprites
     00000985  _cpu_slow                          CGB
ASxxxx Linker V03.00 + NoICE + sdld,  page 23.
Hexadecimal  [32-Bits]

Area                                    Addr        Size        Decimal Bytes (Attributes)
--------------------------------        ----        ----        ------- ----- ------------
_CODE                               00000200    000007A7 =        1959. bytes (REL,CON)

      Value  Global                              Global Defined In Module
      -----  --------------------------------   ------------------------
     000009A0  _cpu_fast                          CGB
ASxxxx Linker V03.00 + NoICE + sdld,  page 24.
Hexadecimal  [32-Bits]

Area                                    Addr        Size        Decimal Bytes (Attributes)
--------------------------------        ----        ----        ------- ----- ------------
_HEADER0                            00000000    00000001 =           1. bytes (ABS,CON)

      Value  Global                              Global Defined In Module
      -----  --------------------------------   ------------------------
     00000020  .call_hl                           Runtime

ASxxxx Linker V03.00 + NoICE + sdld,  page 25.
Hexadecimal  [32-Bits]

Area                                    Addr        Size        Decimal Bytes (Attributes)
--------------------------------        ----        ----        ------- ----- ------------
_HEADER1                            00000000    00000005 =           5. bytes (ABS,CON)

      Value  Global                              Global Defined In Module
      -----  --------------------------------   ------------------------
     00000028  .MemsetSmall                       Runtime

[...]
C:/Users/steve/AppData/Local/Temp/_gbsbuild/obj/script_timer_10.rel
                                          [ script_timer_10 ]
C:/Users/steve/AppData/Local/Temp/_gbsbuild/obj/script_timer_11.rel
                                          [ script_timer_11 ]
C:/Users/steve/AppData/Local/Temp/_gbsbuild/obj/script_timer_12.rel
                                          [ script_timer_12 ]
C:/Users/steve/AppData/Local/Temp/_gbsbuild/obj/script_timer_13.rel
                                          [ script_timer_13 ]
C:/Users/steve/AppData/Local/Temp/_gbsbuild/obj/script_timer_14.rel
                                          [ script_timer_14 ]
C:/Users/steve/AppData/Local/Temp/_gbsbuild/obj/script_timer_15.rel
                                          [ script_timer_15 ]
C:/Users/steve/AppData/Local/Temp/_gbsbuild/obj/script_timer_16.rel
                                          [ script_timer_16 ]
C:/Users/steve/AppData/Local/Temp/_gbsbuild/obj/script_timer_17.rel
                                          [ script_timer_17 ]
C:/Users/steve/AppData/Local/Temp/_gbsbuild/obj/script_timer_18.rel
                                          [ script_timer_18 ]
C:/Users/steve/AppData/Local/Temp/_gbsbuild/obj/script_timer_19.rel
                                          [ script_timer_19 ]
C:/Users/steve/AppData/Local/Temp/_gbsbuild/obj/script_timer_2.rel
                                          [ script_timer_2 ]
C:/Users/steve/AppData/Local/Temp/_gbsbuild/obj/script_timer_20.rel
                                          [ script_timer_20 ]
C:/Users/steve/AppData/Local/Temp/_gbsbuild/obj/script_timer_3.rel
                                          [ script_timer_3 ]
C:/Users/steve/AppData/Local/Temp/_gbsbuild/obj/script_timer_4.rel
                                          [ script_timer_4 ]
C:/Users/steve/AppData/Local/Temp/_gbsbuild/obj/script_timer_5.rel
                                          [ script_timer_5 ]
C:/Users/steve/AppData/Local/Temp/_gbsbuild/obj/script_timer_6.rel
                                          [ script_timer_6 ]
C:/Users/steve/AppData/Local/Temp/_gbsbuild/obj/script_timer_7.rel
                                          [ script_timer_7 ]
C:/Users/steve/AppData/Local/Temp/_gbsbuild/obj/script_timer_8.rel
                                          [ script_timer_8 ]
C:/Users/steve/AppData/Local/Temp/_gbsbuild/obj/script_timer_9.rel
                                          [ script_timer_9 ]
C:/Users/steve/AppData/Local/Temp/_gbsbuild/obj/sound_crystal_shatter_wav.rel
                                          [ sound_crystal_shatter_wav ]
C:/Users/steve/AppData/Local/Temp/_gbsbuild/obj/sound_impact_sound4_wav.rel
                                          [ sound_impact_sound4_wav ]
C:/Users/steve/AppData/Local/Temp/_gbsbuild/obj/sound_legacy_0.rel
                                          [ sound_legacy_0 ]
C:/Users/steve/AppData/Local/Temp/_gbsbuild/obj/sprite_actor_tileset.rel
                                          [ sprite_actor_tileset ]
C:/Users/steve/AppData/Local/Temp/_gbsbuild/obj/sprite_actor.rel
                                          [ sprite_actor ]
C:/Users/steve/AppData/Local/Temp/_gbsbuild/obj/sprite_book_tileset.rel
                                          [ sprite_book_tileset ]
C:/Users/steve/AppData/Local/Temp/_gbsbuild/obj/sprite_book.rel
                                          [ sprite_book ]
C:/Users/steve/AppData/Local/Temp/_gbsbuild/obj/sprite_breakable_walls_tileset.rel
                                          [ sprite_breakable_walls_tileset ]
C:/Users/steve/AppData/Local/Temp/_gbsbuild/obj/sprite_breakable_walls.rel
                                          [ sprite_breakable_walls ]
C:/Users/steve/AppData/Local/Temp/_gbsbuild/obj/sprite_circuitry_key_fragme_tileset.rel
                                          [ sprite_circuitry_key_fragme_tile ]
C:/Users/steve/AppData/Local/Temp/_gbsbuild/obj/sprite_circuitry_key_fragme.rel
                                          [ sprite_circuitry_key_fragme ]
C:/Users/steve/AppData/Local/Temp/_gbsbuild/obj/sprite_hp_tileset.rel
                                          [ sprite_hp_tileset ]
C:/Users/steve/AppData/Local/Temp/_gbsbuild/obj/sprite_hp.rel
                                          [ sprite_hp ]
C:/Users/steve/AppData/Local/Temp/_gbsbuild/obj/sprite_light_animated_tileset.rel
                                          [ sprite_light_animated_tileset ]
C:/Users/steve/AppData/Local/Temp/_gbsbuild/obj/sprite_light_animated.rel
                                          [ sprite_light_animated ]
C:/Users/steve/AppData/Local/Temp/_gbsbuild/obj/sprite_light_key_tileset.rel
                                          [ sprite_light_key_tileset ]
C:/Users/steve/AppData/Local/Temp/_gbsbuild/obj/sprite_light_key.rel
                                          [ sprite_light_key ]
C:/Users/steve/AppData/Local/Temp/_gbsbuild/obj/sprite_metal_key_fragment_tileset.rel
                                          [ sprite_metal_key_fragment_tilese ]
C:/Users/steve/AppData/Local/Temp/_gbsbuild/obj/sprite_metal_key_fragment.rel
                                          [ sprite_metal_key_fragment ]
C:/Users/steve/AppData/Local/Temp/_gbsbuild/obj/sprite_number_ui_tileset.rel
                                          [ sprite_number_ui_tileset ]
C:/Users/steve/AppData/Local/Temp/_gbsbuild/obj/sprite_number_ui.rel
                                          [ sprite_number_ui ]
C:/Users/steve/AppData/Local/Temp/_gbsbuild/obj/sprite_potion_plant_tileset.rel
                                          [ sprite_potion_plant_tileset ]
C:/Users/steve/AppData/Local/Temp/_gbsbuild/obj/sprite_potion_plant.rel
                                          [ sprite_potion_plant ]
C:/Users/steve/AppData/Local/Temp/_gbsbuild/obj/sprite_save_tileset.rel
                                          [ sprite_save_tileset ]
C:/Users/steve/AppData/Local/Temp/_gbsbuild/obj/sprite_save.rel
                                          [ sprite_save ]
C:/Users/steve/AppData/Local/Temp/_gbsbuild/obj/sprite_ship_animated_tileset.rel
                                          [ sprite_ship_animated_tileset ]
C:/Users/steve/AppData/Local/Temp/_gbsbuild/obj/sprite_ship_animated.rel
                                          [ sprite_ship_animated ]
C:/Users/steve/AppData/Local/Temp/_gbsbuild/obj/sprite_static_tileset.rel
                                          [ sprite_static_tileset ]
C:/Users/steve/AppData/Local/Temp/_gbsbuild/obj/sprite_static.rel
                                          [ sprite_static ]
C:/Users/steve/AppData/Local/Temp/_gbsbuild/obj/sprite_swordattack_tileset.rel
                                          [ sprite_swordattack_tileset ]
C:/Users/steve/AppData/Local/Temp/_gbsbuild/obj/sprite_swordattack.rel
                                          [ sprite_swordattack ]
C:/Users/steve/AppData/Local/Temp/_gbsbuild/obj/sprite_transparent_tileset.rel
                                          [ sprite_transparent_tileset ]
C:/Users/steve/AppData/Local/Temp/_gbsbuild/obj/sprite_transparent.rel
                                          [ sprite_transparent ]
C:/Users/steve/AppData/Local/Temp/_gbsbuild/obj/spritesheet_none.rel
                                          [ spritesheet_none ]
C:/Users/steve/AppData/Local/Temp/_gbsbuild/obj/trigger_0_interact.rel
                                          [ trigger_0_interact ]
C:/Users/steve/AppData/Local/Temp/_gbsbuild/obj/trigger_1_interact.rel
                                          [ trigger_1_interact ]
C:/Users/steve/AppData/Local/Temp/_gbsbuild/obj/trigger_10_interact.rel
                                          [ trigger_10_interact ]
C:/Users/steve/AppData/Local/Temp/_gbsbuild/obj/trigger_11_interact.rel
                                          [ trigger_11_interact ]
C:/Users/steve/AppData/Local/Temp/_gbsbuild/obj/trigger_12_interact.rel
                                          [ trigger_12_interact ]
C:/Users/steve/AppData/Local/Temp/_gbsbuild/obj/trigger_13_interact.rel
                                          [ trigger_13_interact ]
C:/Users/steve/AppData/Local/Temp/_gbsbuild/obj/trigger_14_interact.rel
                                          [ trigger_14_interact ]
C:/Users/steve/AppData/Local/Temp/_gbsbuild/obj/trigger_15_interact.rel
                                          [ trigger_15_interact ]
C:/Users/steve/AppData/Local/Temp/_gbsbuild/obj/trigger_16_interact.rel
                                          [ trigger_16_interact ]
C:/Users/steve/AppData/Local/Temp/_gbsbuild/obj/trigger_17_interact.rel
                                          [ trigger_17_interact ]
C:/Users/steve/AppData/Local/Temp/_gbsbuild/obj/trigger_18_interact.rel
                                          [ trigger_18_interact ]
C:/Users/steve/AppData/Local/Temp/_gbsbuild/obj/trigger_19_interact.rel
                                          [ trigger_19_interact ]
C:/Users/steve/AppData/Local/Temp/_gbsbuild/obj/trigger_2_interact.rel
                                          [ trigger_2_interact ]
C:/Users/steve/AppData/Local/Temp/_gbsbuild/obj/trigger_20_interact.rel
                                          [ trigger_20_interact ]
C:/Users/steve/AppData/Local/Temp/_gbsbuild/obj/trigger_21_interact.rel
                                          [ trigger_21_interact ]
C:/Users/steve/AppData/Local/Temp/_gbsbuild/obj/trigger_22_interact.rel
                                          [ trigger_22_interact ]
C:/Users/steve/AppData/Local/Temp/_gbsbuild/obj/trigger_23_interact.rel
                                          [ trigger_23_interact ]
C:/Users/steve/AppData/Local/Temp/_gbsbuild/obj/trigger_24_interact.rel
                                          [ trigger_24_interact ]
C:/Users/steve/AppData/Local/Temp/_gbsbuild/obj/trigger_25_interact.rel
                                          [ trigger_25_interact ]
C:/Users/steve/AppData/Local/Temp/_gbsbuild/obj/trigger_26_interact.rel
                                          [ trigger_26_interact ]
C:/Users/steve/AppData/Local/Temp/_gbsbuild/obj/trigger_27_interact.rel
                                          [ trigger_27_interact ]
C:/Users/steve/AppData/Local/Temp/_gbsbuild/obj/trigger_28_interact.rel
                                          [ trigger_28_interact ]
C:/Users/steve/AppData/Local/Temp/_gbsbuild/obj/trigger_29_interact.rel
                                          [ trigger_29_interact ]
C:/Users/steve/AppData/Local/Temp/_gbsbuild/obj/trigger_3_interact.rel
                                          [ trigger_3_interact ]
C:/Users/steve/AppData/Local/Temp/_gbsbuild/obj/trigger_30_interact.rel
                                          [ trigger_30_interact ]
C:/Users/steve/AppData/Local/Temp/_gbsbuild/obj/trigger_31_interact.rel
                                          [ trigger_31_interact ]
C:/Users/steve/AppData/Local/Temp/_gbsbuild/obj/trigger_32_interact.rel
                                          [ trigger_32_interact ]
C:/Users/steve/AppData/Local/Temp/_gbsbuild/obj/trigger_33_interact.rel
                                          [ trigger_33_interact ]
C:/Users/steve/AppData/Local/Temp/_gbsbuild/obj/trigger_34_interact.rel
                                          [ trigger_34_interact ]
C:/Users/steve/AppData/Local/Temp/_gbsbuild/obj/trigger_35_interact.rel
                                          [ trigger_35_interact ]
C:/Users/steve/AppData/Local/Temp/_gbsbuild/obj/trigger_36_interact.rel
                                          [ trigger_36_interact ]
C:/Users/steve/AppData/Local/Temp/_gbsbuild/obj/trigger_37_interact.rel
                                          [ trigger_37_interact ]
C:/Users/steve/AppData/Local/Temp/_gbsbuild/obj/trigger_38_interact.rel
                                          [ trigger_38_interact ]
C:/Users/steve/AppData/Local/Temp/_gbsbuild/obj/trigger_39_interact.rel
                                          [ trigger_39_interact ]
C:/Users/steve/AppData/Local/Temp/_gbsbuild/obj/trigger_4_interact.rel
                                          [ trigger_4_interact ]
C:/Users/steve/AppData/Local/Temp/_gbsbuild/obj/trigger_40_interact.rel
                                          [ trigger_40_interact ]
C:/Users/steve/AppData/Local/Temp/_gbsbuild/obj/trigger_41_interact.rel
                                          [ trigger_41_interact ]
C:/Users/steve/AppData/Local/Temp/_gbsbuild/obj/trigger_42_interact.rel
                                          [ trigger_42_interact ]
C:/Users/steve/AppData/Local/Temp/_gbsbuild/obj/trigger_43_interact.rel
                                          [ trigger_43_interact ]
C:/Users/steve/AppData/Local/Temp/_gbsbuild/obj/trigger_44_interact.rel
                                          [ trigger_44_interact ]
C:/Users/steve/AppData/Local/Temp/_gbsbuild/obj/trigger_45_interact.rel
                                          [ trigger_45_interact ]
C:/Users/steve/AppData/Local/Temp/_gbsbuild/obj/trigger_46_interact.rel
                                          [ trigger_46_interact ]
C:/Users/steve/AppData/Local/Temp/_gbsbuild/obj/trigger_47_interact.rel
                                          [ trigger_47_interact ]
C:/Users/steve/AppData/Local/Temp/_gbsbuild/obj/trigger_49_interact.rel
                                          [ trigger_49_interact ]
C:/Users/steve/AppData/Local/Temp/_gbsbuild/obj/trigger_5_interact.rel
                                          [ trigger_5_interact ]
C:/Users/steve/AppData/Local/Temp/_gbsbuild/obj/trigger_50_interact.rel
                                          [ trigger_50_interact ]
C:/Users/steve/AppData/Local/Temp/_gbsbuild/obj/trigger_51_interact.rel
                                          [ trigger_51_interact ]
C:/Users/steve/AppData/Local/Temp/_gbsbuild/obj/trigger_52_interact.rel
                                          [ trigger_52_interact ]
C:/Users/steve/AppData/Local/Temp/_gbsbuild/obj/trigger_53_interact.rel
                                          [ trigger_53_interact ]
C:/Users/steve/AppData/Local/Temp/_gbsbuild/obj/trigger_54_interact.rel
                                          [ trigger_54_interact ]
C:/Users/steve/AppData/Local/Temp/_gbsbuild/obj/trigger_55_interact.rel
                                          [ trigger_55_interact ]
C:/Users/steve/AppData/Local/Temp/_gbsbuild/obj/trigger_56_interact.rel
                                          [ trigger_56_interact ]
C:/Users/steve/AppData/Local/Temp/_gbsbuild/obj/trigger_6_interact.rel
                                          [ trigger_6_interact ]
C:/Users/steve/AppData/Local/Temp/_gbsbuild/obj/trigger_7_interact.rel
                                          [ trigger_7_interact ]
C:/Users/steve/AppData/Local/Temp/_gbsbuild/obj/trigger_8_interact.rel
                                          [ trigger_8_interact ]
C:/Users/steve/AppData/Local/Temp/_gbsbuild/obj/trigger_9_interact.rel
                                          [ trigger_9_interact ]
C:/Users/steve/AppData/Local/Temp/_gbsbuild/obj/main.rel
                                          [ main ]
C:/Users/steve/AppData/Local/Temp/_gbsbuild/obj/adventure.rel
                                          [ adventure ]
C:/Users/steve/AppData/Local/Temp/_gbsbuild/obj/logo.rel
                                          [ logo ]
C:/Users/steve/AppData/Local/Temp/_gbsbuild/obj/platform.rel
                                          [ platform ]
C:/Users/steve/AppData/Local/Temp/_gbsbuild/obj/pointnclick.rel
                                          [ pointnclick ]
C:/Users/steve/AppData/Local/Temp/_gbsbuild/obj/shmup.rel
                                          [ shmup ]
C:/Users/steve/AppData/Local/Temp/_gbsbuild/obj/states_ptrs.rel
                                          [  ]
C:/Users/steve/AppData/Local/Temp/_gbsbuild/obj/topdown.rel
                                          [ topdown ]


Libraries Linked                          [ object file ]

C:\Users\steve\AppData\Local\Temp/_gbstools/gbdk/lib/small/asxxxx/gb/gb.lib
                                          [ fill_rect_wi.o ]
C:\Users\steve\AppData\Local\Temp/_gbstools/gbdk/lib/small/asxxxx/gbz80/gbz80.lib
                                          [ rand.o ]
C:\Users\steve\AppData\Local\Temp/_gbstools/gbdk/lib/small/asxxxx/gb/gb.lib
                                          [ sfr.o ]
C:\Users\steve\AppData\Local\Temp/_gbstools/gbdk/lib/small/asxxxx/gb/gb.lib
                                          [ get_data.o ]
C:\Users\steve\AppData\Local\Temp/_gbstools/gbdk/lib/small/asxxxx/gb/gb.lib
                                          [ get_tile.o ]
C:\Users\steve\AppData\Local\Temp/_gbstools/gbdk/lib/small/asxxxx/gb/gb.lib
                                          [ cgb_palettes.o ]
lib/gbt_player.lib                        [ gbt_player.o ]
C:\Users\steve\AppData\Local\Temp/_gbstools/gbdk/lib/small/asxxxx/gb/gb.lib
                                          [ metasprites_hide_spr.o ]
C:\Users\steve\AppData\Local\Temp/_gbstools/gbdk/lib/small/asxxxx/gbz80/gbz80.lib
                                          [ mul.o ]
C:\Users\steve\AppData\Local\Temp/_gbstools/gbdk/lib/small/asxxxx/gbz80/gbz80.lib
                                          [ abs.o ]
C:\Users\steve\AppData\Local\Temp/_gbstools/gbdk/lib/small/asxxxx/gb/gb.lib
                                          [ set_wi_t.o ]
C:\Users\steve\AppData\Local\Temp/_gbstools/gbdk/lib/small/asxxxx/gb/gb.lib
                                          [ set_data.o ]
C:\Users\steve\AppData\Local\Temp/_gbstools/gbdk/lib/small/asxxxx/gbz80/gbz80.lib
                                          [ reverse.o ]
C:\Users\steve\AppData\Local\Temp/_gbstools/gbdk/lib/small/asxxxx/gb/gb.lib
                                          [ far_ptr.o ]
C:\Users\steve\AppData\Local\Temp/_gbstools/gbdk/lib/small/asxxxx/gb/gb.lib
                                          [ sgb.o ]
C:\Users\steve\AppData\Local\Temp/_gbstools/gbdk/lib/small/asxxxx/gb/gb.lib
                                          [ lcd.o ]
C:\Users\steve\AppData\Local\Temp/_gbstools/gbdk/lib/small/asxxxx/gb/gb.lib
                                          [ fill_rect.o ]
C:\Users\steve\AppData\Local\Temp/_gbstools/gbdk/lib/small/asxxxx/gb/gb.lib
                                          [ cpy_data.o ]
C:\Users\steve\AppData\Local\Temp/_gbstools/gbdk/lib/small/asxxxx/gb/gb.lib
                                          [ fill_rect_bk.o ]
C:\Users\steve\AppData\Local\Temp/_gbstools/gbdk/lib/small/asxxxx/gb/gb.lib
                                          [ pad.o ]
C:\Users\steve\AppData\Local\Temp/_gbstools/gbdk/lib/small/asxxxx/gb/gb.lib
                                          [ metasprites.o ]
C:\Users\steve\AppData\Local\Temp/_gbstools/gbdk/lib/small/asxxxx/gbz80/gbz80.lib
                                          [ __sdcc_call_hl.o ]
C:\Users\steve\AppData\Local\Temp/_gbstools/gbdk/lib/small/asxxxx/gbz80/gbz80.lib
                                          [ _memcpy.o ]
C:\Users\steve\AppData\Local\Temp/_gbstools/gbdk/lib/small/asxxxx/gbz80/gbz80.lib
                                          [ _memset.o ]
C:\Users\steve\AppData\Local\Temp/_gbstools/gbdk/lib/small/asxxxx/gb/gb.lib
                                          [ set_xy_t.o ]
C:\Users\steve\AppData\Local\Temp/_gbstools/gbdk/lib/small/asxxxx/gb/gb.lib
                                          [ cgb.o ]
C:\Users\steve\AppData\Local\Temp/_gbstools/gbdk/lib/small/asxxxx/gbz80/gbz80.lib
                                          [ div.o ]
C:\Users\steve\AppData\Local\Temp/_gbstools/gbdk/lib/small/asxxxx/gb/gb.lib
                                          [ set_bk_t.o ]
lib/gbt_player.lib                        [ gbt_player_bank1.o ]

ASxxxx Linker V03.00 + NoICE + sdld,  page 97.

User Base Address Definitions

_DATA=0xC0A0
_CODE=0x0200
ASxxxx Linker V03.00 + NoICE + sdld,  page 98.

User Global Definitions

.STACK=0xDF00
_shadow_OAM=0xC000
.refresh_OAM=0xFF80
__start_save=28

